

================================================================
== Vivado HLS Report for 'load_unsigned_char_s'
================================================================
* Date:           Thu Oct 25 00:31:41 2018

* Version:        2018.2_AR71275_op (Build 2258646 on Thu Jun 14 20:25:20 MDT 2018)
* Project:        digitrec_kernel
* Solution:       solution
* Product family: virtexuplus
* Target device:  xcvu9p-flgb2104-2-i


================================================================
== Performance Estimates
================================================================
+ Timing (ns): 
    * Summary: 
    +--------+-------+----------+------------+
    |  Clock | Target| Estimated| Uncertainty|
    +--------+-------+----------+------------+
    |ap_clk  |   4.00|     2.920|        1.08|
    +--------+-------+----------+------------+

+ Latency (clock cycles): 
    * Summary: 
    +-----+-----+-----+-----+---------+
    |  Latency  |  Interval | Pipeline|
    | min | max | min | max |   Type  |
    +-----+-----+-----+-----+---------+
    |   10|   10|   10|   10|   none  |
    +-----+-----+-----+-----+---------+

    + Detail: 
        * Instance: 
        N/A

        * Loop: 
        +----------+-----+-----+----------+-----------+-----------+------+----------+
        |          |  Latency  | Iteration|  Initiation Interval  | Trip |          |
        | Loop Name| min | max |  Latency |  achieved |   target  | Count| Pipelined|
        +----------+-----+-----+----------+-----------+-----------+------+----------+
        |- Loop 1  |    3|    3|         2|          1|          1|     3|    yes   |
        +----------+-----+-----+----------+-----------+-----------+------+----------+



================================================================
== Utilization Estimates
================================================================
* Summary: 
+-----------------+---------+-------+---------+---------+-----+
|       Name      | BRAM_18K| DSP48E|    FF   |   LUT   | URAM|
+-----------------+---------+-------+---------+---------+-----+
|DSP              |        -|      -|        -|        -|    -|
|Expression       |        -|      -|        0|      100|    -|
|FIFO             |        -|      -|        -|        -|    -|
|Instance         |        -|      -|        -|        -|    -|
|Memory           |        -|      -|        -|        -|    -|
|Multiplexer      |        -|      -|        -|      149|    -|
|Register         |        -|      -|       89|        -|    -|
+-----------------+---------+-------+---------+---------+-----+
|Total            |        0|      0|       89|      249|    0|
+-----------------+---------+-------+---------+---------+-----+
|Available        |     4320|   6840|  2364480|  1182240|  960|
+-----------------+---------+-------+---------+---------+-----+
|Utilization (%)  |        0|      0|    ~0   |    ~0   |    0|
+-----------------+---------+-------+---------+---------+-----+

+ Detail: 
    * Instance: 
    N/A

    * DSP48: 
    N/A

    * Memory: 
    N/A

    * FIFO: 
    N/A

    * Expression: 
    +---------------------------+----------+-------+---+----+------------+------------+
    |       Variable Name       | Operation| DSP48E| FF| LUT| Bitwidth P0| Bitwidth P1|
    +---------------------------+----------+-------+---+----+------------+------------+
    |i_2_fu_168_p2              |     +    |      0|  0|   9|           2|           1|
    |sum2_fu_150_p2             |     +    |      0|  0|  71|          64|          64|
    |ap_block_pp0_stage0_11001  |    and   |      0|  0|   2|           1|           1|
    |ap_block_state4_io         |    and   |      0|  0|   2|           1|           1|
    |ap_condition_157           |    and   |      0|  0|   2|           1|           1|
    |ap_condition_276           |    and   |      0|  0|   2|           1|           1|
    |exitcond_fu_162_p2         |   icmp   |      0|  0|   8|           2|           2|
    |ap_enable_pp0              |    xor   |      0|  0|   2|           1|           2|
    |ap_enable_reg_pp0_iter1    |    xor   |      0|  0|   2|           2|           1|
    +---------------------------+----------+-------+---+----+------------+------------+
    |Total                      |          |      0|  0| 100|          75|          74|
    +---------------------------+----------+-------+---+----+------------+------------+

    * Multiplexer: 
    +-------------------------------------------------+----+-----------+-----+-----------+
    |                       Name                      | LUT| Input Size| Bits| Total Bits|
    +-------------------------------------------------+----+-----------+-----+-----------+
    |ap_NS_fsm                                        |  44|          9|    1|          9|
    |ap_enable_reg_pp0_iter1                          |  15|          3|    1|          3|
    |ap_phi_mux_i_phi_fu_124_p4                       |   9|          2|    2|          4|
    |ap_phi_reg_pp0_iter1_data_dram_load_phi_reg_132  |  27|          5|    8|         40|
    |ap_sig_ioackin_m_axi_data_local_AWREADY          |   9|          2|    1|          2|
    |ap_sig_ioackin_m_axi_data_local_WREADY           |   9|          2|    1|          2|
    |data_local_blk_n_AW                              |   9|          2|    1|          2|
    |data_local_blk_n_B                               |   9|          2|    1|          2|
    |data_local_blk_n_W                               |   9|          2|    1|          2|
    |i_reg_120                                        |   9|          2|    2|          4|
    +-------------------------------------------------+----+-----------+-----+-----------+
    |Total                                            | 149|         31|   19|         70|
    +-------------------------------------------------+----+-----------+-----+-----------+

    * Register: 
    +-------------------------------------------------+----+----+-----+-----------+
    |                       Name                      | FF | LUT| Bits| Const Bits|
    +-------------------------------------------------+----+----+-----+-----------+
    |ap_CS_fsm                                        |   8|   0|    8|          0|
    |ap_enable_reg_pp0_iter0                          |   1|   0|    1|          0|
    |ap_enable_reg_pp0_iter1                          |   1|   0|    1|          0|
    |ap_phi_reg_pp0_iter1_data_dram_load_phi_reg_132  |   8|   0|    8|          0|
    |ap_reg_ioackin_m_axi_data_local_AWREADY          |   1|   0|    1|          0|
    |ap_reg_ioackin_m_axi_data_local_WREADY           |   1|   0|    1|          0|
    |data_local_addr_reg_174                          |  64|   0|   64|          0|
    |exitcond_reg_200                                 |   1|   0|    1|          0|
    |i_2_reg_204                                      |   2|   0|    2|          0|
    |i_reg_120                                        |   2|   0|    2|          0|
    +-------------------------------------------------+----+----+-----+-----------+
    |Total                                            |  89|   0|   89|          0|
    +-------------------------------------------------+----+----+-----+-----------+



================================================================
== Interface
================================================================
* Summary: 
+---------------------------+-----+-----+------------+---------------------+--------------+
|         RTL Ports         | Dir | Bits|  Protocol  |    Source Object    |    C Type    |
+---------------------------+-----+-----+------------+---------------------+--------------+
|ap_clk                     |  in |    1| ap_ctrl_hs | load<unsigned char> | return value |
|ap_rst                     |  in |    1| ap_ctrl_hs | load<unsigned char> | return value |
|ap_start                   |  in |    1| ap_ctrl_hs | load<unsigned char> | return value |
|ap_done                    | out |    1| ap_ctrl_hs | load<unsigned char> | return value |
|ap_idle                    | out |    1| ap_ctrl_hs | load<unsigned char> | return value |
|ap_ready                   | out |    1| ap_ctrl_hs | load<unsigned char> | return value |
|p_read                     |  in |    8|   ap_none  |        p_read       |    scalar    |
|p_read4                    |  in |    8|   ap_none  |       p_read4       |    scalar    |
|p_read8                    |  in |    8|   ap_none  |       p_read8       |    scalar    |
|p_read27                   |  in |    8|   ap_none  |       p_read27      |    scalar    |
|m_axi_data_local_AWVALID   | out |    1|    m_axi   |      data_local     |    pointer   |
|m_axi_data_local_AWREADY   |  in |    1|    m_axi   |      data_local     |    pointer   |
|m_axi_data_local_AWADDR    | out |   64|    m_axi   |      data_local     |    pointer   |
|m_axi_data_local_AWID      | out |    1|    m_axi   |      data_local     |    pointer   |
|m_axi_data_local_AWLEN     | out |   32|    m_axi   |      data_local     |    pointer   |
|m_axi_data_local_AWSIZE    | out |    3|    m_axi   |      data_local     |    pointer   |
|m_axi_data_local_AWBURST   | out |    2|    m_axi   |      data_local     |    pointer   |
|m_axi_data_local_AWLOCK    | out |    2|    m_axi   |      data_local     |    pointer   |
|m_axi_data_local_AWCACHE   | out |    4|    m_axi   |      data_local     |    pointer   |
|m_axi_data_local_AWPROT    | out |    3|    m_axi   |      data_local     |    pointer   |
|m_axi_data_local_AWQOS     | out |    4|    m_axi   |      data_local     |    pointer   |
|m_axi_data_local_AWREGION  | out |    4|    m_axi   |      data_local     |    pointer   |
|m_axi_data_local_AWUSER    | out |    1|    m_axi   |      data_local     |    pointer   |
|m_axi_data_local_WVALID    | out |    1|    m_axi   |      data_local     |    pointer   |
|m_axi_data_local_WREADY    |  in |    1|    m_axi   |      data_local     |    pointer   |
|m_axi_data_local_WDATA     | out |    8|    m_axi   |      data_local     |    pointer   |
|m_axi_data_local_WSTRB     | out |    1|    m_axi   |      data_local     |    pointer   |
|m_axi_data_local_WLAST     | out |    1|    m_axi   |      data_local     |    pointer   |
|m_axi_data_local_WID       | out |    1|    m_axi   |      data_local     |    pointer   |
|m_axi_data_local_WUSER     | out |    1|    m_axi   |      data_local     |    pointer   |
|m_axi_data_local_ARVALID   | out |    1|    m_axi   |      data_local     |    pointer   |
|m_axi_data_local_ARREADY   |  in |    1|    m_axi   |      data_local     |    pointer   |
|m_axi_data_local_ARADDR    | out |   64|    m_axi   |      data_local     |    pointer   |
|m_axi_data_local_ARID      | out |    1|    m_axi   |      data_local     |    pointer   |
|m_axi_data_local_ARLEN     | out |   32|    m_axi   |      data_local     |    pointer   |
|m_axi_data_local_ARSIZE    | out |    3|    m_axi   |      data_local     |    pointer   |
|m_axi_data_local_ARBURST   | out |    2|    m_axi   |      data_local     |    pointer   |
|m_axi_data_local_ARLOCK    | out |    2|    m_axi   |      data_local     |    pointer   |
|m_axi_data_local_ARCACHE   | out |    4|    m_axi   |      data_local     |    pointer   |
|m_axi_data_local_ARPROT    | out |    3|    m_axi   |      data_local     |    pointer   |
|m_axi_data_local_ARQOS     | out |    4|    m_axi   |      data_local     |    pointer   |
|m_axi_data_local_ARREGION  | out |    4|    m_axi   |      data_local     |    pointer   |
|m_axi_data_local_ARUSER    | out |    1|    m_axi   |      data_local     |    pointer   |
|m_axi_data_local_RVALID    |  in |    1|    m_axi   |      data_local     |    pointer   |
|m_axi_data_local_RREADY    | out |    1|    m_axi   |      data_local     |    pointer   |
|m_axi_data_local_RDATA     |  in |    8|    m_axi   |      data_local     |    pointer   |
|m_axi_data_local_RLAST     |  in |    1|    m_axi   |      data_local     |    pointer   |
|m_axi_data_local_RID       |  in |    1|    m_axi   |      data_local     |    pointer   |
|m_axi_data_local_RUSER     |  in |    1|    m_axi   |      data_local     |    pointer   |
|m_axi_data_local_RRESP     |  in |    2|    m_axi   |      data_local     |    pointer   |
|m_axi_data_local_BVALID    |  in |    1|    m_axi   |      data_local     |    pointer   |
|m_axi_data_local_BREADY    | out |    1|    m_axi   |      data_local     |    pointer   |
|m_axi_data_local_BRESP     |  in |    2|    m_axi   |      data_local     |    pointer   |
|m_axi_data_local_BID       |  in |    1|    m_axi   |      data_local     |    pointer   |
|m_axi_data_local_BUSER     |  in |    1|    m_axi   |      data_local     |    pointer   |
|data_local_offset          |  in |   64|   ap_none  |  data_local_offset  |    scalar    |
|data_local_offset1         |  in |    5|   ap_none  |  data_local_offset1 |    scalar    |
+---------------------------+-----+-----+------------+---------------------+--------------+

